  main.cpp
c:\program files (x86)\windows kits\10\include\10.0.18362.0\ucrt\corecrt_math_defines.h(22): warning C4005: "M_PI": ponowna definicja makra
  c:\users\micha\clionprojects\spyhunter\sdl2-2.0.10\include\sdl_stdinc.h(499): note: zobacz poprzednią definicję „M_PI”
c:\users\micha\clionprojects\spyhunter\main.cpp(369): warning C4244: "=": konwersja z "double" do "int", możliwa utrata danych
c:\users\micha\clionprojects\spyhunter\main.cpp(384): warning C4244: "inicjowanie": konwersja z "double" do "int", możliwa utrata danych
c:\users\micha\clionprojects\spyhunter\main.cpp(410): warning C4244: "=": konwersja z "double" do "int", możliwa utrata danych
c:\users\micha\clionprojects\spyhunter\main.cpp(420): warning C4244: "inicjowanie": konwersja z "double" do "int", możliwa utrata danych
c:\users\micha\clionprojects\spyhunter\main.cpp(452): warning C4244: "=": konwersja z "double" do "int", możliwa utrata danych
c:\users\micha\clionprojects\spyhunter\main.cpp(585): warning C4996: 'fopen': This function or variable may be unsafe. Consider using fopen_s instead. To disable deprecation, use _CRT_SECURE_NO_WARNINGS. See online help for details.
  c:\program files (x86)\windows kits\10\include\10.0.18362.0\ucrt\stdio.h(208): note: zobacz deklarację „fopen”
c:\users\micha\clionprojects\spyhunter\main.cpp(605): warning C4996: 'sscanf': This function or variable may be unsafe. Consider using sscanf_s instead. To disable deprecation, use _CRT_SECURE_NO_WARNINGS. See online help for details.
  c:\program files (x86)\windows kits\10\include\10.0.18362.0\ucrt\stdio.h(2263): note: zobacz deklarację „sscanf”
c:\users\micha\clionprojects\spyhunter\main.cpp(613): warning C4996: 'fopen': This function or variable may be unsafe. Consider using fopen_s instead. To disable deprecation, use _CRT_SECURE_NO_WARNINGS. See online help for details.
  c:\program files (x86)\windows kits\10\include\10.0.18362.0\ucrt\stdio.h(208): note: zobacz deklarację „fopen”
c:\users\micha\clionprojects\spyhunter\main.cpp(624): warning C4996: 'localtime': This function or variable may be unsafe. Consider using localtime_s instead. To disable deprecation, use _CRT_SECURE_NO_WARNINGS. See online help for details.
  c:\program files (x86)\windows kits\10\include\10.0.18362.0\ucrt\time.h(506): note: zobacz deklarację „localtime”
c:\users\micha\clionprojects\spyhunter\main.cpp(626): warning C4996: 'asctime': This function or variable may be unsafe. Consider using asctime_s instead. To disable deprecation, use _CRT_SECURE_NO_WARNINGS. See online help for details.
  c:\program files (x86)\windows kits\10\include\10.0.18362.0\ucrt\time.h(117): note: zobacz deklarację „asctime”
c:\users\micha\clionprojects\spyhunter\main.cpp(629): warning C4996: 'asctime': This function or variable may be unsafe. Consider using asctime_s instead. To disable deprecation, use _CRT_SECURE_NO_WARNINGS. See online help for details.
  c:\program files (x86)\windows kits\10\include\10.0.18362.0\ucrt\time.h(117): note: zobacz deklarację „asctime”
c:\users\micha\clionprojects\spyhunter\main.cpp(639): warning C4996: 'fopen': This function or variable may be unsafe. Consider using fopen_s instead. To disable deprecation, use _CRT_SECURE_NO_WARNINGS. See online help for details.
  c:\program files (x86)\windows kits\10\include\10.0.18362.0\ucrt\stdio.h(208): note: zobacz deklarację „fopen”
c:\users\micha\clionprojects\spyhunter\main.cpp(650): warning C4996: 'localtime': This function or variable may be unsafe. Consider using localtime_s instead. To disable deprecation, use _CRT_SECURE_NO_WARNINGS. See online help for details.
  c:\program files (x86)\windows kits\10\include\10.0.18362.0\ucrt\time.h(506): note: zobacz deklarację „localtime”
c:\users\micha\clionprojects\spyhunter\main.cpp(652): warning C4996: 'asctime': This function or variable may be unsafe. Consider using asctime_s instead. To disable deprecation, use _CRT_SECURE_NO_WARNINGS. See online help for details.
  c:\program files (x86)\windows kits\10\include\10.0.18362.0\ucrt\time.h(117): note: zobacz deklarację „asctime”
c:\users\micha\clionprojects\spyhunter\main.cpp(768): warning C4477: „sscanf”: ciąg formatu „%hhd” wymaga argumentu typu „signed char *”, ale argument 1 ze zmienną liczbą argumentów ma typ „bool *”
c:\users\micha\clionprojects\spyhunter\main.cpp(770): warning C4477: „sscanf”: ciąg formatu „%hhd” wymaga argumentu typu „signed char *”, ale argument 1 ze zmienną liczbą argumentów ma typ „bool *”
c:\users\micha\clionprojects\spyhunter\main.cpp(778): warning C4477: „sscanf”: ciąg formatu „%hhd” wymaga argumentu typu „signed char *”, ale argument 1 ze zmienną liczbą argumentów ma typ „bool *”
c:\users\micha\clionprojects\spyhunter\main.cpp(784): warning C4477: „sscanf”: ciąg formatu „%hhd” wymaga argumentu typu „signed char *”, ale argument 1 ze zmienną liczbą argumentów ma typ „bool *”
c:\users\micha\clionprojects\spyhunter\main.cpp(794): warning C4477: „sscanf”: ciąg formatu „%hhd” wymaga argumentu typu „signed char *”, ale argument 1 ze zmienną liczbą argumentów ma typ „bool *”
c:\users\micha\clionprojects\spyhunter\main.cpp(811): warning C4477: „sscanf”: ciąg formatu „%hhd” wymaga argumentu typu „signed char *”, ale argument 1 ze zmienną liczbą argumentów ma typ „bool *”
c:\users\micha\clionprojects\spyhunter\main.cpp(812): warning C4477: „sscanf”: ciąg formatu „%hhd” wymaga argumentu typu „signed char *”, ale argument 1 ze zmienną liczbą argumentów ma typ „bool *”
c:\users\micha\clionprojects\spyhunter\main.cpp(821): warning C4477: „sscanf”: ciąg formatu „%hhd” wymaga argumentu typu „signed char *”, ale argument 1 ze zmienną liczbą argumentów ma typ „bool *”
c:\users\micha\clionprojects\spyhunter\main.cpp(714): warning C4996: 'fopen': This function or variable may be unsafe. Consider using fopen_s instead. To disable deprecation, use _CRT_SECURE_NO_WARNINGS. See online help for details.
  c:\program files (x86)\windows kits\10\include\10.0.18362.0\ucrt\stdio.h(208): note: zobacz deklarację „fopen”
c:\users\micha\clionprojects\spyhunter\main.cpp(768): warning C4996: 'sscanf': This function or variable may be unsafe. Consider using sscanf_s instead. To disable deprecation, use _CRT_SECURE_NO_WARNINGS. See online help for details.
  c:\program files (x86)\windows kits\10\include\10.0.18362.0\ucrt\stdio.h(2263): note: zobacz deklarację „sscanf”
c:\users\micha\clionprojects\spyhunter\main.cpp(769): warning C4996: 'sscanf': This function or variable may be unsafe. Consider using sscanf_s instead. To disable deprecation, use _CRT_SECURE_NO_WARNINGS. See online help for details.
  c:\program files (x86)\windows kits\10\include\10.0.18362.0\ucrt\stdio.h(2263): note: zobacz deklarację „sscanf”
c:\users\micha\clionprojects\spyhunter\main.cpp(770): warning C4996: 'sscanf': This function or variable may be unsafe. Consider using sscanf_s instead. To disable deprecation, use _CRT_SECURE_NO_WARNINGS. See online help for details.
  c:\program files (x86)\windows kits\10\include\10.0.18362.0\ucrt\stdio.h(2263): note: zobacz deklarację „sscanf”
c:\users\micha\clionprojects\spyhunter\main.cpp(771): warning C4996: 'sscanf': This function or variable may be unsafe. Consider using sscanf_s instead. To disable deprecation, use _CRT_SECURE_NO_WARNINGS. See online help for details.
  c:\program files (x86)\windows kits\10\include\10.0.18362.0\ucrt\stdio.h(2263): note: zobacz deklarację „sscanf”
c:\users\micha\clionprojects\spyhunter\main.cpp(772): warning C4996: 'sscanf': This function or variable may be unsafe. Consider using sscanf_s instead. To disable deprecation, use _CRT_SECURE_NO_WARNINGS. See online help for details.
  c:\program files (x86)\windows kits\10\include\10.0.18362.0\ucrt\stdio.h(2263): note: zobacz deklarację „sscanf”
c:\users\micha\clionprojects\spyhunter\main.cpp(773): warning C4996: 'sscanf': This function or variable may be unsafe. Consider using sscanf_s instead. To disable deprecation, use _CRT_SECURE_NO_WARNINGS. See online help for details.
  c:\program files (x86)\windows kits\10\include\10.0.18362.0\ucrt\stdio.h(2263): note: zobacz deklarację „sscanf”
c:\users\micha\clionprojects\spyhunter\main.cpp(774): warning C4996: 'sscanf': This function or variable may be unsafe. Consider using sscanf_s instead. To disable deprecation, use _CRT_SECURE_NO_WARNINGS. See online help for details.
  c:\program files (x86)\windows kits\10\include\10.0.18362.0\ucrt\stdio.h(2263): note: zobacz deklarację „sscanf”
c:\users\micha\clionprojects\spyhunter\main.cpp(775): warning C4996: 'sscanf': This function or variable may be unsafe. Consider using sscanf_s instead. To disable deprecation, use _CRT_SECURE_NO_WARNINGS. See online help for details.
  c:\program files (x86)\windows kits\10\include\10.0.18362.0\ucrt\stdio.h(2263): note: zobacz deklarację „sscanf”
c:\users\micha\clionprojects\spyhunter\main.cpp(776): warning C4996: 'sscanf': This function or variable may be unsafe. Consider using sscanf_s instead. To disable deprecation, use _CRT_SECURE_NO_WARNINGS. See online help for details.
  c:\program files (x86)\windows kits\10\include\10.0.18362.0\ucrt\stdio.h(2263): note: zobacz deklarację „sscanf”
c:\users\micha\clionprojects\spyhunter\main.cpp(777): warning C4996: 'sscanf': This function or variable may be unsafe. Consider using sscanf_s instead. To disable deprecation, use _CRT_SECURE_NO_WARNINGS. See online help for details.
  c:\program files (x86)\windows kits\10\include\10.0.18362.0\ucrt\stdio.h(2263): note: zobacz deklarację „sscanf”
c:\users\micha\clionprojects\spyhunter\main.cpp(778): warning C4996: 'sscanf': This function or variable may be unsafe. Consider using sscanf_s instead. To disable deprecation, use _CRT_SECURE_NO_WARNINGS. See online help for details.
  c:\program files (x86)\windows kits\10\include\10.0.18362.0\ucrt\stdio.h(2263): note: zobacz deklarację „sscanf”
c:\users\micha\clionprojects\spyhunter\main.cpp(779): warning C4996: 'sscanf': This function or variable may be unsafe. Consider using sscanf_s instead. To disable deprecation, use _CRT_SECURE_NO_WARNINGS. See online help for details.
  c:\program files (x86)\windows kits\10\include\10.0.18362.0\ucrt\stdio.h(2263): note: zobacz deklarację „sscanf”
c:\users\micha\clionprojects\spyhunter\main.cpp(780): warning C4996: 'sscanf': This function or variable may be unsafe. Consider using sscanf_s instead. To disable deprecation, use _CRT_SECURE_NO_WARNINGS. See online help for details.
  c:\program files (x86)\windows kits\10\include\10.0.18362.0\ucrt\stdio.h(2263): note: zobacz deklarację „sscanf”
c:\users\micha\clionprojects\spyhunter\main.cpp(781): warning C4996: 'sscanf': This function or variable may be unsafe. Consider using sscanf_s instead. To disable deprecation, use _CRT_SECURE_NO_WARNINGS. See online help for details.
  c:\program files (x86)\windows kits\10\include\10.0.18362.0\ucrt\stdio.h(2263): note: zobacz deklarację „sscanf”
c:\users\micha\clionprojects\spyhunter\main.cpp(782): warning C4996: 'sscanf': This function or variable may be unsafe. Consider using sscanf_s instead. To disable deprecation, use _CRT_SECURE_NO_WARNINGS. See online help for details.
  c:\program files (x86)\windows kits\10\include\10.0.18362.0\ucrt\stdio.h(2263): note: zobacz deklarację „sscanf”
c:\users\micha\clionprojects\spyhunter\main.cpp(783): warning C4996: 'sscanf': This function or variable may be unsafe. Consider using sscanf_s instead. To disable deprecation, use _CRT_SECURE_NO_WARNINGS. See online help for details.
  c:\program files (x86)\windows kits\10\include\10.0.18362.0\ucrt\stdio.h(2263): note: zobacz deklarację „sscanf”
c:\users\micha\clionprojects\spyhunter\main.cpp(784): warning C4996: 'sscanf': This function or variable may be unsafe. Consider using sscanf_s instead. To disable deprecation, use _CRT_SECURE_NO_WARNINGS. See online help for details.
  c:\program files (x86)\windows kits\10\include\10.0.18362.0\ucrt\stdio.h(2263): note: zobacz deklarację „sscanf”
c:\users\micha\clionprojects\spyhunter\main.cpp(785): warning C4996: 'sscanf': This function or variable may be unsafe. Consider using sscanf_s instead. To disable deprecation, use _CRT_SECURE_NO_WARNINGS. See online help for details.
  c:\program files (x86)\windows kits\10\include\10.0.18362.0\ucrt\stdio.h(2263): note: zobacz deklarację „sscanf”
c:\users\micha\clionprojects\spyhunter\main.cpp(786): warning C4996: 'sscanf': This function or variable may be unsafe. Consider using sscanf_s instead. To disable deprecation, use _CRT_SECURE_NO_WARNINGS. See online help for details.
  c:\program files (x86)\windows kits\10\include\10.0.18362.0\ucrt\stdio.h(2263): note: zobacz deklarację „sscanf”
c:\users\micha\clionprojects\spyhunter\main.cpp(787): warning C4996: 'sscanf': This function or variable may be unsafe. Consider using sscanf_s instead. To disable deprecation, use _CRT_SECURE_NO_WARNINGS. See online help for details.
  c:\program files (x86)\windows kits\10\include\10.0.18362.0\ucrt\stdio.h(2263): note: zobacz deklarację „sscanf”
c:\users\micha\clionprojects\spyhunter\main.cpp(788): warning C4996: 'sscanf': This function or variable may be unsafe. Consider using sscanf_s instead. To disable deprecation, use _CRT_SECURE_NO_WARNINGS. See online help for details.
  c:\program files (x86)\windows kits\10\include\10.0.18362.0\ucrt\stdio.h(2263): note: zobacz deklarację „sscanf”
c:\users\micha\clionprojects\spyhunter\main.cpp(789): warning C4996: 'sscanf': This function or variable may be unsafe. Consider using sscanf_s instead. To disable deprecation, use _CRT_SECURE_NO_WARNINGS. See online help for details.
  c:\program files (x86)\windows kits\10\include\10.0.18362.0\ucrt\stdio.h(2263): note: zobacz deklarację „sscanf”
c:\users\micha\clionprojects\spyhunter\main.cpp(790): warning C4996: 'sscanf': This function or variable may be unsafe. Consider using sscanf_s instead. To disable deprecation, use _CRT_SECURE_NO_WARNINGS. See online help for details.
  c:\program files (x86)\windows kits\10\include\10.0.18362.0\ucrt\stdio.h(2263): note: zobacz deklarację „sscanf”
c:\users\micha\clionprojects\spyhunter\main.cpp(791): warning C4996: 'sscanf': This function or variable may be unsafe. Consider using sscanf_s instead. To disable deprecation, use _CRT_SECURE_NO_WARNINGS. See online help for details.
  c:\program files (x86)\windows kits\10\include\10.0.18362.0\ucrt\stdio.h(2263): note: zobacz deklarację „sscanf”
c:\users\micha\clionprojects\spyhunter\main.cpp(792): warning C4996: 'sscanf': This function or variable may be unsafe. Consider using sscanf_s instead. To disable deprecation, use _CRT_SECURE_NO_WARNINGS. See online help for details.
  c:\program files (x86)\windows kits\10\include\10.0.18362.0\ucrt\stdio.h(2263): note: zobacz deklarację „sscanf”
c:\users\micha\clionprojects\spyhunter\main.cpp(793): warning C4996: 'sscanf': This function or variable may be unsafe. Consider using sscanf_s instead. To disable deprecation, use _CRT_SECURE_NO_WARNINGS. See online help for details.
  c:\program files (x86)\windows kits\10\include\10.0.18362.0\ucrt\stdio.h(2263): note: zobacz deklarację „sscanf”
c:\users\micha\clionprojects\spyhunter\main.cpp(794): warning C4996: 'sscanf': This function or variable may be unsafe. Consider using sscanf_s instead. To disable deprecation, use _CRT_SECURE_NO_WARNINGS. See online help for details.
  c:\program files (x86)\windows kits\10\include\10.0.18362.0\ucrt\stdio.h(2263): note: zobacz deklarację „sscanf”
c:\users\micha\clionprojects\spyhunter\main.cpp(795): warning C4996: 'sscanf': This function or variable may be unsafe. Consider using sscanf_s instead. To disable deprecation, use _CRT_SECURE_NO_WARNINGS. See online help for details.
  c:\program files (x86)\windows kits\10\include\10.0.18362.0\ucrt\stdio.h(2263): note: zobacz deklarację „sscanf”
c:\users\micha\clionprojects\spyhunter\main.cpp(796): warning C4996: 'sscanf': This function or variable may be unsafe. Consider using sscanf_s instead. To disable deprecation, use _CRT_SECURE_NO_WARNINGS. See online help for details.
  c:\program files (x86)\windows kits\10\include\10.0.18362.0\ucrt\stdio.h(2263): note: zobacz deklarację „sscanf”
c:\users\micha\clionprojects\spyhunter\main.cpp(797): warning C4996: 'sscanf': This function or variable may be unsafe. Consider using sscanf_s instead. To disable deprecation, use _CRT_SECURE_NO_WARNINGS. See online help for details.
  c:\program files (x86)\windows kits\10\include\10.0.18362.0\ucrt\stdio.h(2263): note: zobacz deklarację „sscanf”
c:\users\micha\clionprojects\spyhunter\main.cpp(798): warning C4996: 'sscanf': This function or variable may be unsafe. Consider using sscanf_s instead. To disable deprecation, use _CRT_SECURE_NO_WARNINGS. See online help for details.
  c:\program files (x86)\windows kits\10\include\10.0.18362.0\ucrt\stdio.h(2263): note: zobacz deklarację „sscanf”
c:\users\micha\clionprojects\spyhunter\main.cpp(800): warning C4996: 'sscanf': This function or variable may be unsafe. Consider using sscanf_s instead. To disable deprecation, use _CRT_SECURE_NO_WARNINGS. See online help for details.
  c:\program files (x86)\windows kits\10\include\10.0.18362.0\ucrt\stdio.h(2263): note: zobacz deklarację „sscanf”
c:\users\micha\clionprojects\spyhunter\main.cpp(802): warning C4996: 'sscanf': This function or variable may be unsafe. Consider using sscanf_s instead. To disable deprecation, use _CRT_SECURE_NO_WARNINGS. See online help for details.
  c:\program files (x86)\windows kits\10\include\10.0.18362.0\ucrt\stdio.h(2263): note: zobacz deklarację „sscanf”
c:\users\micha\clionprojects\spyhunter\main.cpp(803): warning C4996: 'sscanf': This function or variable may be unsafe. Consider using sscanf_s instead. To disable deprecation, use _CRT_SECURE_NO_WARNINGS. See online help for details.
  c:\program files (x86)\windows kits\10\include\10.0.18362.0\ucrt\stdio.h(2263): note: zobacz deklarację „sscanf”
c:\users\micha\clionprojects\spyhunter\main.cpp(805): warning C4996: 'sscanf': This function or variable may be unsafe. Consider using sscanf_s instead. To disable deprecation, use _CRT_SECURE_NO_WARNINGS. See online help for details.
  c:\program files (x86)\windows kits\10\include\10.0.18362.0\ucrt\stdio.h(2263): note: zobacz deklarację „sscanf”
c:\users\micha\clionprojects\spyhunter\main.cpp(806): warning C4996: 'sscanf': This function or variable may be unsafe. Consider using sscanf_s instead. To disable deprecation, use _CRT_SECURE_NO_WARNINGS. See online help for details.
  c:\program files (x86)\windows kits\10\include\10.0.18362.0\ucrt\stdio.h(2263): note: zobacz deklarację „sscanf”
c:\users\micha\clionprojects\spyhunter\main.cpp(807): warning C4996: 'sscanf': This function or variable may be unsafe. Consider using sscanf_s instead. To disable deprecation, use _CRT_SECURE_NO_WARNINGS. See online help for details.
  c:\program files (x86)\windows kits\10\include\10.0.18362.0\ucrt\stdio.h(2263): note: zobacz deklarację „sscanf”
c:\users\micha\clionprojects\spyhunter\main.cpp(808): warning C4996: 'sscanf': This function or variable may be unsafe. Consider using sscanf_s instead. To disable deprecation, use _CRT_SECURE_NO_WARNINGS. See online help for details.
  c:\program files (x86)\windows kits\10\include\10.0.18362.0\ucrt\stdio.h(2263): note: zobacz deklarację „sscanf”
c:\users\micha\clionprojects\spyhunter\main.cpp(809): warning C4996: 'sscanf': This function or variable may be unsafe. Consider using sscanf_s instead. To disable deprecation, use _CRT_SECURE_NO_WARNINGS. See online help for details.
  c:\program files (x86)\windows kits\10\include\10.0.18362.0\ucrt\stdio.h(2263): note: zobacz deklarację „sscanf”
c:\users\micha\clionprojects\spyhunter\main.cpp(810): warning C4996: 'sscanf': This function or variable may be unsafe. Consider using sscanf_s instead. To disable deprecation, use _CRT_SECURE_NO_WARNINGS. See online help for details.
  c:\program files (x86)\windows kits\10\include\10.0.18362.0\ucrt\stdio.h(2263): note: zobacz deklarację „sscanf”
c:\users\micha\clionprojects\spyhunter\main.cpp(811): warning C4996: 'sscanf': This function or variable may be unsafe. Consider using sscanf_s instead. To disable deprecation, use _CRT_SECURE_NO_WARNINGS. See online help for details.
  c:\program files (x86)\windows kits\10\include\10.0.18362.0\ucrt\stdio.h(2263): note: zobacz deklarację „sscanf”
c:\users\micha\clionprojects\spyhunter\main.cpp(812): warning C4996: 'sscanf': This function or variable may be unsafe. Consider using sscanf_s instead. To disable deprecation, use _CRT_SECURE_NO_WARNINGS. See online help for details.
  c:\program files (x86)\windows kits\10\include\10.0.18362.0\ucrt\stdio.h(2263): note: zobacz deklarację „sscanf”
c:\users\micha\clionprojects\spyhunter\main.cpp(813): warning C4996: 'sscanf': This function or variable may be unsafe. Consider using sscanf_s instead. To disable deprecation, use _CRT_SECURE_NO_WARNINGS. See online help for details.
  c:\program files (x86)\windows kits\10\include\10.0.18362.0\ucrt\stdio.h(2263): note: zobacz deklarację „sscanf”
c:\users\micha\clionprojects\spyhunter\main.cpp(814): warning C4996: 'sscanf': This function or variable may be unsafe. Consider using sscanf_s instead. To disable deprecation, use _CRT_SECURE_NO_WARNINGS. See online help for details.
  c:\program files (x86)\windows kits\10\include\10.0.18362.0\ucrt\stdio.h(2263): note: zobacz deklarację „sscanf”
c:\users\micha\clionprojects\spyhunter\main.cpp(815): warning C4996: 'sscanf': This function or variable may be unsafe. Consider using sscanf_s instead. To disable deprecation, use _CRT_SECURE_NO_WARNINGS. See online help for details.
  c:\program files (x86)\windows kits\10\include\10.0.18362.0\ucrt\stdio.h(2263): note: zobacz deklarację „sscanf”
c:\users\micha\clionprojects\spyhunter\main.cpp(816): warning C4996: 'sscanf': This function or variable may be unsafe. Consider using sscanf_s instead. To disable deprecation, use _CRT_SECURE_NO_WARNINGS. See online help for details.
  c:\program files (x86)\windows kits\10\include\10.0.18362.0\ucrt\stdio.h(2263): note: zobacz deklarację „sscanf”
c:\users\micha\clionprojects\spyhunter\main.cpp(817): warning C4996: 'sscanf': This function or variable may be unsafe. Consider using sscanf_s instead. To disable deprecation, use _CRT_SECURE_NO_WARNINGS. See online help for details.
  c:\program files (x86)\windows kits\10\include\10.0.18362.0\ucrt\stdio.h(2263): note: zobacz deklarację „sscanf”
c:\users\micha\clionprojects\spyhunter\main.cpp(818): warning C4996: 'sscanf': This function or variable may be unsafe. Consider using sscanf_s instead. To disable deprecation, use _CRT_SECURE_NO_WARNINGS. See online help for details.
  c:\program files (x86)\windows kits\10\include\10.0.18362.0\ucrt\stdio.h(2263): note: zobacz deklarację „sscanf”
c:\users\micha\clionprojects\spyhunter\main.cpp(819): warning C4996: 'sscanf': This function or variable may be unsafe. Consider using sscanf_s instead. To disable deprecation, use _CRT_SECURE_NO_WARNINGS. See online help for details.
  c:\program files (x86)\windows kits\10\include\10.0.18362.0\ucrt\stdio.h(2263): note: zobacz deklarację „sscanf”
c:\users\micha\clionprojects\spyhunter\main.cpp(820): warning C4996: 'sscanf': This function or variable may be unsafe. Consider using sscanf_s instead. To disable deprecation, use _CRT_SECURE_NO_WARNINGS. See online help for details.
  c:\program files (x86)\windows kits\10\include\10.0.18362.0\ucrt\stdio.h(2263): note: zobacz deklarację „sscanf”
c:\users\micha\clionprojects\spyhunter\main.cpp(821): warning C4996: 'sscanf': This function or variable may be unsafe. Consider using sscanf_s instead. To disable deprecation, use _CRT_SECURE_NO_WARNINGS. See online help for details.
  c:\program files (x86)\windows kits\10\include\10.0.18362.0\ucrt\stdio.h(2263): note: zobacz deklarację „sscanf”
c:\users\micha\clionprojects\spyhunter\main.cpp(876): warning C4244: "=": konwersja z "double" do "int", możliwa utrata danych
c:\users\micha\clionprojects\spyhunter\main.cpp(886): warning C4244: "=": konwersja z "double" do "int", możliwa utrata danych
c:\users\micha\clionprojects\spyhunter\main.cpp(1189): warning C4244: "+=": konwersja z "double" do "int", możliwa utrata danych
c:\users\micha\clionprojects\spyhunter\main.cpp(1190): warning C4244: "+=": konwersja z "double" do "int", możliwa utrata danych
c:\users\micha\clionprojects\spyhunter\main.cpp(1381): warning C4244: "argument": konwersja z "double" do "int", możliwa utrata danych
c:\users\micha\clionprojects\spyhunter\main.cpp(1390): warning C4244: "=": konwersja z "double" do "int", możliwa utrata danych
c:\users\micha\clionprojects\spyhunter\main.cpp(1399): warning C4244: "=": konwersja z "double" do "int", możliwa utrata danych
c:\users\micha\clionprojects\spyhunter\main.cpp(1495): warning C4267: "argument": konwersja z "size_t" do "int", możliwa utrata danych
c:\users\micha\clionprojects\spyhunter\main.cpp(1594): warning C4267: "argument": konwersja z "size_t" do "int", możliwa utrata danych
c:\users\micha\clionprojects\spyhunter\main.cpp(1595): warning C4267: "argument": konwersja z "size_t" do "int", możliwa utrata danych
  szablon2vs17.vcxproj -> C:\Users\micha\CLionProjects\SpyHunter\x64\Debug\szablon2vs17.exe
